---
http_interactions:
- request:
    method: post
    uri: https://app.datadoghq.com/api/v1/series?api_key=9775a026f1ca7d1c6c5af9d94d9595a4
    body:
      encoding: UTF-8
      string: '{"series":[{"metric":"test.tag.metric","points":[[1416248810,1.0]],"type":"gauge","host":"test.tag.host","device":null}]}'
    headers:
      Accept-Encoding:
      - gzip;q=1.0,deflate;q=0.6,identity;q=0.3
      Accept:
      - '*/*'
      User-Agent:
      - Ruby
      Content-Type:
      - application/json
  response:
    status:
      code: 202
      message: Accepted
    headers:
      Content-Type:
      - text/json; charset=UTF-8
      Date:
      - Mon, 17 Nov 2014 18:26:51 GMT
      Server:
      - dogdispatcher/6.0.12
      Strict-Transport-Security:
      - max-age=15724800;
      Content-Length:
      - '15'
      Connection:
      - keep-alive
    body:
      encoding: UTF-8
      string: '{"status":"ok"}'
    http_version: 
  recorded_at: Mon, 17 Nov 2014 18:26:51 GMT
- request:
    method: delete
    uri: https://app.datadoghq.com/api/v1/tags/hosts/test.tag.host?api_key=9775a026f1ca7d1c6c5af9d94d9595a4&application_key=87ce4a24b5553d2e482ea8a8500e71b8ad4554ff
    body:
      encoding: US-ASCII
      string: ''
    headers:
      Accept-Encoding:
      - gzip;q=1.0,deflate;q=0.6,identity;q=0.3
      Accept:
      - '*/*'
      User-Agent:
      - Ruby
  response:
    status:
      code: 204
      message: No Content
    headers:
      Cache-Control:
      - no-cache
      Content-Length:
      - '4'
      Content-Type:
      - application/json
      Date:
      - Mon, 17 Nov 2014 18:26:56 GMT
      Pragma:
      - no-cache
      Server:
      - gunicorn/19.1.0
      Strict-Transport-Security:
      - max-age=15724800;
      X-Dd-Version:
      - 31.1883.245-0
      Connection:
      - keep-alive
    body:
      encoding: UTF-8
      string: ''
    http_version: 
  recorded_at: Mon, 17 Nov 2014 18:26:56 GMT
- request:
    method: get
    uri: https://app.datadoghq.com/api/v1/tags/hosts/test.tag.host?api_key=9775a026f1ca7d1c6c5af9d94d9595a4&application_key=87ce4a24b5553d2e482ea8a8500e71b8ad4554ff
    body:
      encoding: US-ASCII
      string: ''
    headers:
      Accept-Encoding:
      - gzip;q=1.0,deflate;q=0.6,identity;q=0.3
      Accept:
      - '*/*'
      User-Agent:
      - Ruby
  response:
    status:
      code: 200
      message: OK
    headers:
      Cache-Control:
      - no-cache
      Content-Type:
      - application/json
      Date:
      - Mon, 17 Nov 2014 18:26:56 GMT
      Pragma:
      - no-cache
      Server:
      - gunicorn/19.1.0
      Strict-Transport-Security:
      - max-age=15724800;
      X-Dd-Version:
      - 31.1883.245-0
      Content-Length:
      - '12'
      Connection:
      - keep-alive
    body:
      encoding: UTF-8
      string: '{"tags": []}'
    http_version: 
  recorded_at: Mon, 17 Nov 2014 18:26:56 GMT
- request:
    method: post
    uri: https://app.datadoghq.com/api/v1/tags/hosts/test.tag.host?api_key=9775a026f1ca7d1c6c5af9d94d9595a4&application_key=87ce4a24b5553d2e482ea8a8500e71b8ad4554ff
    body:
      encoding: UTF-8
      string: '{"tags":["test.tag.1","test.tag.2"]}'
    headers:
      Accept-Encoding:
      - gzip;q=1.0,deflate;q=0.6,identity;q=0.3
      Accept:
      - '*/*'
      User-Agent:
      - Ruby
      Content-Type:
      - application/json
  response:
    status:
      code: 201
      message: Created
    headers:
      Cache-Control:
      - no-cache
      Content-Type:
      - application/json
      Date:
      - Mon, 17 Nov 2014 18:26:56 GMT
      Pragma:
      - no-cache
      Server:
      - gunicorn/19.1.0
      Strict-Transport-Security:
      - max-age=15724800;
      X-Dd-Version:
      - 31.1883.245-0
      Content-Length:
      - '63'
      Connection:
      - keep-alive
    body:
      encoding: UTF-8
      string: '{"host": "test.tag.host", "tags": ["test.tag.2", "test.tag.1"]}'
    http_version: 
  recorded_at: Mon, 17 Nov 2014 18:26:57 GMT
- request:
    method: get
    uri: https://app.datadoghq.com/api/v1/tags/hosts/test.tag.host?api_key=9775a026f1ca7d1c6c5af9d94d9595a4&application_key=87ce4a24b5553d2e482ea8a8500e71b8ad4554ff
    body:
      encoding: US-ASCII
      string: ''
    headers:
      Accept-Encoding:
      - gzip;q=1.0,deflate;q=0.6,identity;q=0.3
      Accept:
      - '*/*'
      User-Agent:
      - Ruby
  response:
    status:
      code: 200
      message: OK
    headers:
      Cache-Control:
      - no-cache
      Content-Type:
      - application/json
      Date:
      - Mon, 17 Nov 2014 18:26:57 GMT
      Pragma:
      - no-cache
      Server:
      - gunicorn/19.1.0
      Strict-Transport-Security:
      - max-age=15724800;
      Vary:
      - Accept-Encoding
      X-Dd-Version:
      - 31.1883.245-0
      Content-Length:
      - '48'
      Connection:
      - keep-alive
    body:
      encoding: UTF-8
      string: '{"tags": ["test.tag.2", "test.tag.1"]}'
    http_version: 
  recorded_at: Mon, 17 Nov 2014 18:26:57 GMT
- request:
    method: post
    uri: https://app.datadoghq.com/api/v1/tags/hosts/test.tag.host?api_key=9775a026f1ca7d1c6c5af9d94d9595a4&application_key=87ce4a24b5553d2e482ea8a8500e71b8ad4554ff
    body:
      encoding: UTF-8
      string: '{"tags":["test.tag.3"]}'
    headers:
      Accept-Encoding:
      - gzip;q=1.0,deflate;q=0.6,identity;q=0.3
      Accept:
      - '*/*'
      User-Agent:
      - Ruby
      Content-Type:
      - application/json
  response:
    status:
      code: 201
      message: Created
    headers:
      Cache-Control:
      - no-cache
      Content-Type:
      - application/json
      Date:
      - Mon, 17 Nov 2014 18:26:57 GMT
      Pragma:
      - no-cache
      Server:
      - gunicorn/19.1.0
      Strict-Transport-Security:
      - max-age=15724800;
      X-Dd-Version:
      - 31.1883.245-0
      Content-Length:
      - '77'
      Connection:
      - keep-alive
    body:
      encoding: UTF-8
      string: '{"host": "test.tag.host", "tags": ["test.tag.2", "test.tag.3", "test.tag.1"]}'
    http_version: 
  recorded_at: Mon, 17 Nov 2014 18:26:57 GMT
- request:
    method: get
    uri: https://app.datadoghq.com/api/v1/tags/hosts/test.tag.host?api_key=9775a026f1ca7d1c6c5af9d94d9595a4&application_key=87ce4a24b5553d2e482ea8a8500e71b8ad4554ff
    body:
      encoding: US-ASCII
      string: ''
    headers:
      Accept-Encoding:
      - gzip;q=1.0,deflate;q=0.6,identity;q=0.3
      Accept:
      - '*/*'
      User-Agent:
      - Ruby
  response:
    status:
      code: 200
      message: OK
    headers:
      Cache-Control:
      - no-cache
      Content-Type:
      - application/json
      Date:
      - Mon, 17 Nov 2014 18:26:57 GMT
      Pragma:
      - no-cache
      Server:
      - gunicorn/19.1.0
      Strict-Transport-Security:
      - max-age=15724800;
      Vary:
      - Accept-Encoding
      X-Dd-Version:
      - 31.1883.245-0
      Content-Length:
      - '51'
      Connection:
      - keep-alive
    body:
      encoding: UTF-8
      string: '{"tags": ["test.tag.2", "test.tag.3", "test.tag.1"]}'
    http_version: 
  recorded_at: Mon, 17 Nov 2014 18:26:57 GMT
- request:
    method: delete
    uri: https://app.datadoghq.com/api/v1/tags/hosts/test.tag.host?api_key=9775a026f1ca7d1c6c5af9d94d9595a4&application_key=87ce4a24b5553d2e482ea8a8500e71b8ad4554ff
    body:
      encoding: US-ASCII
      string: ''
    headers:
      Accept-Encoding:
      - gzip;q=1.0,deflate;q=0.6,identity;q=0.3
      Accept:
      - '*/*'
      User-Agent:
      - Ruby
  response:
    status:
      code: 204
      message: No Content
    headers:
      Cache-Control:
      - no-cache
      Content-Length:
      - '4'
      Content-Type:
      - application/json
      Date:
      - Mon, 17 Nov 2014 18:26:57 GMT
      Pragma:
      - no-cache
      Server:
      - gunicorn/19.1.0
      Strict-Transport-Security:
      - max-age=15724800;
      X-Dd-Version:
      - 31.1883.245-0
      Connection:
      - keep-alive
    body:
      encoding: UTF-8
      string: ''
    http_version: 
  recorded_at: Mon, 17 Nov 2014 18:26:57 GMT
- request:
    method: get
    uri: https://app.datadoghq.com/api/v1/tags/hosts/test.tag.host?api_key=9775a026f1ca7d1c6c5af9d94d9595a4&application_key=87ce4a24b5553d2e482ea8a8500e71b8ad4554ff
    body:
      encoding: US-ASCII
      string: ''
    headers:
      Accept-Encoding:
      - gzip;q=1.0,deflate;q=0.6,identity;q=0.3
      Accept:
      - '*/*'
      User-Agent:
      - Ruby
  response:
    status:
      code: 200
      message: OK
    headers:
      Cache-Control:
      - no-cache
      Content-Type:
      - application/json
      Date:
      - Mon, 17 Nov 2014 18:26:58 GMT
      Pragma:
      - no-cache
      Server:
      - gunicorn/19.1.0
      Strict-Transport-Security:
      - max-age=15724800;
      X-Dd-Version:
      - 31.1883.245-0
      Content-Length:
      - '12'
      Connection:
      - keep-alive
    body:
      encoding: UTF-8
      string: '{"tags": []}'
    http_version: 
  recorded_at: Mon, 17 Nov 2014 18:26:58 GMT
recorded_with: VCR 2.9.3
